// Jest Snapshot v1, https://goo.gl/fbAQLP

exports[`must match with the previous snapshot snapshot renders 1`] = `
<button
  className="sc-AxhCb iNdbLx"
>
  <span
    className="sc-AxiKw beiinm"
    cursor="pointer"
    fontSize="medium"
  >
    <span
      className="sc-AxiKw kbybCt"
    >
      Button component!
    </span>
  </span>
</button>
`;
