// Jest Snapshot v1, https://goo.gl/fbAQLP

exports[`must match with the previous snapshot snapshot renders 1`] = `
<div
  className="sc-AxjAm cOBbGR"
>
  <span
    className="sc-AxirZ SZkTJ"
  >
    Flex component!
  </span>
</div>
`;
