// Jest Snapshot v1, https://goo.gl/fbAQLP

exports[`must match with the previous snapshot snapshot renders 1`] = `
<div
  className="sc-AxirZ lVljt"
  width="100%"
>
  <div
    className="sc-AxirZ hfpubq"
    width="100%"
  >
    <div
      className="sc-AxirZ cCSTZZ"
      width="100%"
    >
      <button
        className="sc-AxhUy hlpokz"
        onClick={[Function]}
        type="button"
      >
        <div
          className="sc-AxirZ dPXqAQ"
          height="24px"
          width="24px"
        >
          <span
            className="sc-AxjAm cKPSXY"
            color="white"
            cursor="pointer"
          >
            1
          </span>
        </div>
        <span
          className="sc-AxjAm jdpJgs"
          color="#eb2f96"
          cursor="pointer"
          fontSize="medium"
          fontWeight="medium"
        >
          StepOne
        </span>
      </button>
      <hr
        className="sc-AxhCb iSRrbn"
        height="1px"
        width="100%"
      />
    </div>
    <div
      className="sc-AxirZ cCSTZZ"
      width="100%"
    >
      <button
        className="sc-AxhUy hlpokz"
        onClick={[Function]}
        type="button"
      >
        <div
          className="sc-AxirZ gIbMN"
          height="24px"
          width="24px"
        >
          <span
            className="sc-AxjAm cKPSXY"
            color="white"
            cursor="pointer"
          >
            2
          </span>
        </div>
        <span
          className="sc-AxjAm gXixKh"
          color="#dedede"
          cursor="pointer"
          fontSize="medium"
          fontWeight="medium"
        >
          StepTwo
        </span>
      </button>
      <hr
        className="sc-AxhCb iSRrbn"
        height="1px"
        width="100%"
      />
    </div>
    <div
      className="sc-AxirZ cCSTZZ"
      width="100%"
    >
      <button
        className="sc-AxhUy hlpokz"
        onClick={[Function]}
        type="button"
      >
        <div
          className="sc-AxirZ gIbMN"
          height="24px"
          width="24px"
        >
          <span
            className="sc-AxjAm cKPSXY"
            color="white"
            cursor="pointer"
          >
            3
          </span>
        </div>
        <span
          className="sc-AxjAm gXixKh"
          color="#dedede"
          cursor="pointer"
          fontSize="medium"
          fontWeight="medium"
        >
          StepThree
        </span>
      </button>
      <hr
        className="sc-AxhCb iSRrbn"
        height="1px"
        width="100%"
      />
    </div>
    <div
      className="sc-AxirZ cCSTZZ"
      width="100%"
    >
      <button
        className="sc-AxhUy hlpokz"
        onClick={[Function]}
        type="button"
      >
        <div
          className="sc-AxirZ gIbMN"
          height="24px"
          width="24px"
        >
          <span
            className="sc-AxjAm cKPSXY"
            color="white"
            cursor="pointer"
          >
            4
          </span>
        </div>
        <span
          className="sc-AxjAm gXixKh"
          color="#dedede"
          cursor="pointer"
          fontSize="medium"
          fontWeight="medium"
        >
          StepFour
        </span>
      </button>
    </div>
  </div>
  <div
    className="sc-AxiKw jTaWSa"
  >
    <h1>
      One
    </h1>
  </div>
</div>
`;
