// Jest Snapshot v1, https://goo.gl/fbAQLP

exports[`must match with the previous snapshot snapshot renders 1`] = `
<div
  className="sc-AxirZ jRIoNy"
  display="flex"
  height="36px"
  width="36px"
>
  <span
    className="sc-AxjAm fZcvlC"
    color="primary"
    fontWeight="bold"
  >
    
  </span>
</div>
`;
