// Jest Snapshot v1, https://goo.gl/fbAQLP

exports[`must match with the previous snapshot snapshot renders 1`] = `
<label
  className="sc-AxjAm eQrhYp"
>
  <input
    checked={false}
    disabled={false}
    type="checkbox"
  />
</label>
`;
