// Jest Snapshot v1, https://goo.gl/fbAQLP

exports[`must match with the previous snapshot snapshot renders 1`] = `
<div
  className="sc-AxhUy dyrylh"
>
  <div
    className="sc-AxjAm gXWQzp sc-AxirZ bfOewL"
  >
    <span
      className="sc-AxhCb lmMCJA"
      cursor="pointer"
    >
      Hamburguer
    </span>
    <div
      className="sc-AxjAm gXWQzp tooltip-text"
    >
      I'm hungry
    </div>
  </div>
</div>
`;
