// Jest Snapshot v1, https://goo.gl/fbAQLP

exports[`must match with the previous snapshot snapshot renders 1`] = `
<div
  className="sc-AxgMl gqKvJ"
>
  <label
    className="sc-AxheI iPJPbq"
  >
    <input
      autoComplete="off"
      placeholder=" "
      type="text"
    >
      <span
        className="sc-AxhCb kcOXRd"
      >
        Input component!
      </span>
    </input>
    <span
      className="sc-AxhCb kcOXRd"
    />
  </label>
  <div
    className="sc-AxjAm bSlvwl"
    height="20px"
  />
</div>
`;
