// Jest Snapshot v1, https://goo.gl/fbAQLP

exports[`must match with the previous snapshot snapshot renders 1`] = `
<div
  className="sc-AxjAm sc-AxirZ bXMDcg"
>
  <span
    className="sc-AxiKw kbybCt"
  >
    Icon component!
  </span>
</div>
`;
